CREATE EXTENSION sr_plan;
/* check _p() */
SELECT _p(100);
 _p  
-----
 100
(1 row)

SELECT _p(36.6);
  _p  
------
 36.6
(1 row)

SELECT _p('abc'::text);
 _p  
-----
 abc
(1 row)

/* create table for tests */
CREATE TABLE test_table(test_attr1 int, test_attr2 int);
INSERT INTO test_table SELECT i, i from generate_series(1, 100) AS i;
CREATE INDEX test_table_idx_1 ON test_table (test_attr1);
CREATE INDEX test_table_idx_2 ON test_table (test_attr2);
VACUUM ANALYZE;
/* record some plan */
SET sr_plan.write_mode = true;
SET enable_seqscan = f;
SET enable_bitmapscan = f;
SET enable_indexonlyscan = f;
SELECT * FROM test_table WHERE test_attr1 = 15;
 test_attr1 | test_attr2 
------------+------------
         15 |         15
(1 row)

SELECT * FROM test_table WHERE test_attr2 = _p(15);
 test_attr1 | test_attr2 
------------+------------
         15 |         15
(1 row)

SET enable_seqscan = t;
SET enable_bitmapscan = t;
SET enable_indexonlyscan = t;
SET sr_plan.write_mode = false;
/* check plan */
SELECT	enable,
		valid,
		query,
		explain_jsonb_plan(plan)
FROM sr_plans
ORDER BY query ASC;
 enable | valid |                        query                        |               explain_jsonb_plan                
--------+-------+-----------------------------------------------------+-------------------------------------------------
 f      | t     | SELECT * FROM test_table WHERE test_attr1 = 15;     | Index Scan using test_table_idx_1 on test_table+
        |       |                                                     |   Index Cond: (test_attr1 = 15)                +
        |       |                                                     | 
 f      | t     | SELECT * FROM test_table WHERE test_attr2 = _p(15); | Index Scan using test_table_idx_2 on test_table+
        |       |                                                     |   Index Cond: (test_attr2 = _p(15))            +
        |       |                                                     | 
(2 rows)

/* fresh plan vs stored plan */
SET enable_indexscan = f;
SET enable_bitmapscan = f;
SET enable_indexonlyscan = f;
EXPLAIN (COSTS OFF) SELECT * FROM test_table WHERE test_attr1 = _p(15);
           QUERY PLAN            
---------------------------------
 Seq Scan on test_table
   Filter: (test_attr1 = _p(15))
(2 rows)

EXPLAIN (COSTS OFF) SELECT * FROM test_table WHERE test_attr1 = 10;
         QUERY PLAN          
-----------------------------
 Seq Scan on test_table
   Filter: (test_attr1 = 10)
(2 rows)

EXPLAIN (COSTS OFF) SELECT * FROM test_table WHERE test_attr1 = 15;
         QUERY PLAN          
-----------------------------
 Seq Scan on test_table
   Filter: (test_attr1 = 15)
(2 rows)

EXPLAIN (COSTS OFF) SELECT * FROM test_table WHERE test_attr1 = 20;
         QUERY PLAN          
-----------------------------
 Seq Scan on test_table
   Filter: (test_attr1 = 20)
(2 rows)

EXPLAIN (COSTS OFF) SELECT * FROM test_table WHERE test_attr2 = 15;
         QUERY PLAN          
-----------------------------
 Seq Scan on test_table
   Filter: (test_attr2 = 15)
(2 rows)

EXPLAIN (COSTS OFF) SELECT * FROM test_table WHERE test_attr2 = _p(15) OR test_attr2 = 0;
                      QUERY PLAN                       
-------------------------------------------------------
 Seq Scan on test_table
   Filter: ((test_attr2 = _p(15)) OR (test_attr2 = 0))
(2 rows)

EXPLAIN (COSTS OFF) SELECT * FROM test_table WHERE test_attr2 = 10;
         QUERY PLAN          
-----------------------------
 Seq Scan on test_table
   Filter: (test_attr2 = 10)
(2 rows)

EXPLAIN (COSTS OFF) SELECT * FROM test_table WHERE test_attr2 = 15;
         QUERY PLAN          
-----------------------------
 Seq Scan on test_table
   Filter: (test_attr2 = 15)
(2 rows)

EXPLAIN (COSTS OFF) SELECT * FROM test_table WHERE test_attr2 = 20;
         QUERY PLAN          
-----------------------------
 Seq Scan on test_table
   Filter: (test_attr2 = 20)
(2 rows)

UPDATE sr_plans SET enable = true RETURNING query;
                        query                        
-----------------------------------------------------
 SELECT * FROM test_table WHERE test_attr1 = 15;
 SELECT * FROM test_table WHERE test_attr2 = _p(15);
(2 rows)

EXPLAIN (COSTS OFF) SELECT * FROM test_table WHERE test_attr1 = _p(15);
           QUERY PLAN            
---------------------------------
 Seq Scan on test_table
   Filter: (test_attr1 = _p(15))
(2 rows)

EXPLAIN (COSTS OFF) SELECT * FROM test_table WHERE test_attr1 = 10;
         QUERY PLAN          
-----------------------------
 Seq Scan on test_table
   Filter: (test_attr1 = 10)
(2 rows)

EXPLAIN (COSTS OFF) SELECT * FROM test_table WHERE test_attr1 = 15;
                   QUERY PLAN                    
-------------------------------------------------
 Index Scan using test_table_idx_1 on test_table
   Index Cond: (test_attr1 = 15)
(2 rows)

EXPLAIN (COSTS OFF) SELECT * FROM test_table WHERE test_attr1 = 20;
         QUERY PLAN          
-----------------------------
 Seq Scan on test_table
   Filter: (test_attr1 = 20)
(2 rows)

EXPLAIN (COSTS OFF) SELECT * FROM test_table WHERE test_attr2 = 15;
         QUERY PLAN          
-----------------------------
 Seq Scan on test_table
   Filter: (test_attr2 = 15)
(2 rows)

EXPLAIN (COSTS OFF) SELECT * FROM test_table WHERE test_attr2 = _p(15) OR test_attr2 = 0;
                      QUERY PLAN                       
-------------------------------------------------------
 Seq Scan on test_table
   Filter: ((test_attr2 = _p(15)) OR (test_attr2 = 0))
(2 rows)

EXPLAIN (COSTS OFF) SELECT * FROM test_table WHERE test_attr2 = _p(10);
                   QUERY PLAN                    
-------------------------------------------------
 Index Scan using test_table_idx_2 on test_table
   Index Cond: (test_attr2 = _p(15))
(2 rows)

EXPLAIN (COSTS OFF) SELECT * FROM test_table WHERE test_attr2 = _p(15);
                   QUERY PLAN                    
-------------------------------------------------
 Index Scan using test_table_idx_2 on test_table
   Index Cond: (test_attr2 = _p(15))
(2 rows)

EXPLAIN (COSTS OFF) SELECT * FROM test_table WHERE test_attr2 = _p(20);
                   QUERY PLAN                    
-------------------------------------------------
 Index Scan using test_table_idx_2 on test_table
   Index Cond: (test_attr2 = _p(15))
(2 rows)

SET enable_indexscan = t;
SET enable_bitmapscan = t;
SET enable_indexonlyscan = t;
DROP TABLE test_table;
WARNING:  Invalidate saved plan with query:
	SELECT * FROM test_table WHERE test_attr1 = 15;
WARNING:  Invalidate saved plan with query:
	SELECT * FROM test_table WHERE test_attr2 = _p(15);
DROP EXTENSION sr_plan;
